============================= test session starts =============================
platform win32 -- Python 3.12.6, pytest-8.4.2, pluggy-1.6.0 -- C:\Users\cpans\AppData\Local\Programs\Python\Python312\python.exe
cachedir: .pytest_cache
rootdir: C:\Users\cpans\OneDrive\Desktop\Git Se\my-calculator
configfile: pytest.ini
plugins: anyio-4.4.0, cov-7.0.0
collecting ... collected 26 items

tests/integration/test_cli_integration.py::TestCLIIntegration::test_cli_add_integration PASSED [  3%]
tests/integration/test_cli_integration.py::TestCLIIntegration::test_cli_subtract_integration PASSED [  7%]
tests/integration/test_cli_integration.py::TestCLIIntegration::test_cli_subtract_missing_operand_error PASSED [ 11%]
tests/integration/test_cli_integration.py::TestCLIIntegration::test_cli_multiply_integration PASSED [ 15%]
tests/integration/test_cli_integration.py::TestCLIIntegration::test_cli_divide_integration PASSED [ 19%]
tests/unit/test_calculator.py::test_add_negative_numbers PASSED          [ 23%]
tests/unit/test_calculator.py::test_subtract_negative_numbers PASSED     [ 26%]
tests/unit/test_calculator.py::TestBasicOperations::test_add_positive_numbers PASSED [ 30%]
tests/unit/test_calculator.py::TestBasicOperations::test_subtract_positive_numbers PASSED [ 34%]
tests/unit/test_calculator.py::TestBasicOperations::TestMultiplyDivide::test_multiply_positive_numbers PASSED [ 38%]
tests/unit/test_calculator.py::TestBasicOperations::TestMultiplyDivide::test_multiply_by_zero PASSED [ 42%]
tests/unit/test_calculator.py::TestBasicOperations::TestMultiplyDivide::test_multiply_negative_numbers PASSED [ 46%]
tests/unit/test_calculator.py::TestBasicOperations::TestMultiplyDivide::test_divide_positive_numbers PASSED [ 50%]
tests/unit/test_calculator.py::TestBasicOperations::TestMultiplyDivide::test_divide_negative_numbers PASSED [ 53%]
tests/unit/test_calculator.py::TestBasicOperations::TestAdvancedOperations::test_power_positive_numbers PASSED [ 57%]
tests/unit/test_calculator.py::TestBasicOperations::TestAdvancedOperations::test_power_zero_exponent PASSED [ 61%]
tests/unit/test_calculator.py::TestBasicOperations::TestAdvancedOperations::test_square_root_positive_numbers PASSED [ 65%]
tests/unit/test_calculator.py::TestBasicOperations::TestAdvancedOperations::test_square_root_negative_raises_error PASSED [ 69%]
tests/unit/test_calculator.py::TestMultiplyDivideWithValidation::test_multiply_input_validation PASSED [ 73%]
tests/unit/test_calculator.py::TestMultiplyDivideWithValidation::test_divide_input_validation PASSED [ 76%]
tests/unit/test_cli_module.py::test_cli_add_in_process PASSED            [ 80%]
tests/unit/test_cli_module.py::test_cli_subtract_in_process PASSED       [ 84%]
tests/unit/test_cli_module.py::test_cli_subtract_missing_operand_in_process PASSED [ 88%]
tests/unit/test_cli_module.py::test_cli_multiply_and_divide_formatting PASSED [ 92%]
tests/unit/test_cli_module.py::test_cli_power_and_sqrt PASSED            [ 96%]
tests/unit/test_cli_module.py::test_cli_unknown_operation PASSED         [100%]

============================== warnings summary ===============================
<frozen importlib._bootstrap>:530
  <frozen importlib._bootstrap>:530: DeprecationWarning: the load_module() method is deprecated and slated for removal in Python 3.12; use exec_module() instead

-- Docs: https://docs.pytest.org/en/stable/how-to/capture-warnings.html
======================== 26 passed, 1 warning in 0.41s ========================
